<?xml version="1.0" encoding="utf-8"?><testsuites><testsuite name="pytest" errors="0" failures="0" skipped="0" tests="28" time="0.441" timestamp="2025-04-27T19:14:45.853619" hostname="MyKompjutre"><testcase classname="src.channel_api.test.test_channel" name="test_create_and_get_channel" time="0.001" /><testcase classname="src.channel_api.test.test_channel" name="test_join_channel" time="0.000" /><testcase classname="src.channel_api.test.test_channel" name="test_list_users" time="0.000" /><testcase classname="src.channel_api.test.test_channel" name="test_create_channel" time="0.000" /><testcase classname="src.channel_api.test.test_channel" name="test_join_same_user_twice" time="0.000" /><testcase classname="src.channel_api.test.test_channel" name="test_channel_reinit" time="0.000" /><testcase classname="src.message_api.test.test_message" name="test_send_and_get_message" time="0.000" /><testcase classname="src.message_api.test.test_message" name="test_fetch_latest" time="0.000" /><testcase classname="src.user_api.test.test_user" name="test_register_and_login" time="0.000" /><testcase classname="src.user_api.test.test_user" name="test_list_channels" time="0.000" /><testcase classname="src.user_api.test.test_user" name="test_register_user" time="0.000" /><testcase classname="src.user_api.test.test_user" name="test_login_user" time="0.000" /><testcase classname="src.user_api.test.test_user" name="test_user_getters" time="0.000" /><testcase classname="tests.e2e.test_chat_client_e2e" name="test_full_chat_flow" time="0.000" /><testcase classname="tests.integration.test_channel" name="test_create_channel" time="0.016" /><testcase classname="tests.integration.test_channel" name="test_list_channels" time="0.001" /><testcase classname="tests.integration.test_channel" name="test_join_channel" time="0.006" /><testcase classname="tests.integration.test_channel" name="test_list_channel_users" time="0.007" /><testcase classname="tests.integration.test_chat_client" name="test_user_registration_and_login" time="0.000" /><testcase classname="tests.integration.test_chat_client" name="test_channel_creation_and_joining" time="0.000" /><testcase classname="tests.integration.test_chat_client" name="test_message_sending_and_fetching" time="0.000" /><testcase classname="tests.integration.test_message_flow" name="test_send_message" time="0.018" /><testcase classname="tests.integration.test_message_flow" name="test_fetch_messages" time="0.001" /><testcase classname="tests.integration.test_message_flow" name="test_start_direct_message" time="0.008" /><testcase classname="tests.integration.test_userflow" name="test_register_user" time="0.009" /><testcase classname="tests.integration.test_userflow" name="test_login_user" time="0.001" /><testcase classname="tests.integration.test_userflow" name="test_register_existing_user" time="0.001" /><testcase classname="tests.integration.test_userflow" name="test_login_nonexistent_user" time="0.005" /></testsuite></testsuites>